cargo : warning: bsl-gradual-types@0.4.2: ЁЯФН ╨Э╨Р╨Щ╨Ф╨Х╨Э╨Р ╤А╨╡╨░╨╗╤М╨╜╨░╤П tree-sitter-bsl: ../tree-sit
ter-bsl
строка:1 знак:37
+ cd c:\1CProject\bsl-gradual-types ; cargo build *> build_output.txt
+                                     ~~~~~~~~~~~~~~~~~~~~~~~~~~~~~~~
    + CategoryInfo          : NotSpecified: (warning: bsl-gr...tree-sitter-bsl:String) [], RemoteException
    + FullyQualifiedErrorId : NativeCommandError
 
warning: bsl-gradual-types@0.4.2: тЬЕ ╨а╨Х╨Р╨Ы╨м╨Э╨Р╨п tree-sitter-bsl ╤Б╨║╨╛╨╝╨┐╨╕╨╗╨╕╤А╨╛╨▓╨░╨╜╨░ ╨║╨░╨║ 
tree_sitter_bsl
   Compiling bsl-gradual-types v0.4.2 (C:\1CProject\bsl-gradual-types)
error[E0432]: unresolved imports `super::domain::CompletionItem`, `super::domain::CompletionKind`, `super::
domain::TypeSearchResult`
  --> src\architecture\application\mod.rs:16:5
   |
16 |     CompletionItem, CompletionKind, TypeCheckerService, TypeContext, TypeResolutionService,
   |     ^^^^^^^^^^^^^^  ^^^^^^^^^^^^^^ no `CompletionKind` in `architecture::domain`
   |     |
   |     no `CompletionItem` in `architecture::domain`
17 |     TypeSearchResult,
   |     ^^^^^^^^^^^^^^^^ no `TypeSearchResult` in `architecture::domain`
   |
   = help: consider importing one of these structs instead:
           crate::core::platform_resolver::CompletionItem
           lsp_types::CompletionItem
   = help: consider importing one of these enums instead:
           crate::core::platform_resolver::CompletionKind
           crate::core::resolution::CompletionKind

error[E0412]: cannot find type `CompletionItem` in this scope
  --> src\architecture\domain\mod.rs:98:21
   |
98 |     ) -> Result<Vec<CompletionItem>> {
   |                     ^^^^^^^^^^^^^^ not found in this scope
   |
help: consider importing one of these structs
   |
6  + use crate::core::platform_resolver::CompletionItem;
   |
6  + use lsp_types::CompletionItem;
   |

error[E0412]: cannot find type `CompletionItem` in this scope
   --> src\architecture\domain\mod.rs:172:21
    |
172 |     ) -> Result<Vec<CompletionItem>> {
    |                     ^^^^^^^^^^^^^^ not found in this scope
    |
help: consider importing one of these structs
    |
6   + use crate::core::platform_resolver::CompletionItem;
    |
6   + use lsp_types::CompletionItem;
    |

error[E0412]: cannot find type `CompletionItem` in this scope
   --> src\architecture\domain\mod.rs:237:21
    |
237 |     ) -> Result<Vec<CompletionItem>> {
    |                     ^^^^^^^^^^^^^^ not found in this scope
    |
help: consider importing one of these structs
    |
6   + use crate::core::platform_resolver::CompletionItem;
    |
6   + use lsp_types::CompletionItem;
    |

error[E0422]: cannot find struct, variant or union type `CompletionItem` in this scope
   --> src\architecture\domain\mod.rs:250:34
    |
250 |                 completions.push(CompletionItem {
    |                                  ^^^^^^^^^^^^^^ not found in this scope
    |
help: consider importing one of these structs
    |
6   + use crate::core::platform_resolver::CompletionItem;
    |
6   + use lsp_types::CompletionItem;
    |

error[E0433]: failed to resolve: use of undeclared type `CompletionKind`
   --> src\architecture\domain\mod.rs:254:27
    |
254 |                     kind: CompletionKind::Type,
    |                           ^^^^^^^^^^^^^^ use of undeclared type `CompletionKind`
    |
help: consider importing one of these enums
    |
6   + use crate::core::platform_resolver::CompletionKind;
    |
6   + use crate::core::resolution::CompletionKind;
    |

error[E0412]: cannot find type `CompletionItem` in this scope
   --> src\architecture\domain\mod.rs:421:21
    |
421 |     ) -> Result<Vec<CompletionItem>> {
    |                     ^^^^^^^^^^^^^^ not found in this scope
    |
help: consider importing one of these structs
    |
6   + use crate::core::platform_resolver::CompletionItem;
    |
6   + use lsp_types::CompletionItem;
    |

error[E0422]: cannot find struct, variant or union type `CompletionItem` in this scope
   --> src\architecture\domain\mod.rs:439:30
    |
439 |                     out.push(CompletionItem {
    |                              ^^^^^^^^^^^^^^ not found in this scope
    |
help: consider importing one of these structs
    |
6   + use crate::core::platform_resolver::CompletionItem;
    |
6   + use lsp_types::CompletionItem;
    |

error[E0433]: failed to resolve: use of undeclared type `CompletionKind`
   --> src\architecture\domain\mod.rs:443:31
    |
443 |                         kind: CompletionKind::Type,
    |                               ^^^^^^^^^^^^^^ use of undeclared type `CompletionKind`
    |
help: consider importing one of these enums
    |
6   + use crate::core::platform_resolver::CompletionKind;
    |
6   + use crate::core::resolution::CompletionKind;
    |

error[E0422]: cannot find struct, variant or union type `CompletionItem` in this scope
   --> src\architecture\domain\mod.rs:470:26
    |
470 |                 out.push(CompletionItem {
    |                          ^^^^^^^^^^^^^^ not found in this scope
    |
help: consider importing one of these structs
    |
6   + use crate::core::platform_resolver::CompletionItem;
    |
6   + use lsp_types::CompletionItem;
    |

error[E0433]: failed to resolve: use of undeclared type `CompletionKind`
   --> src\architecture\domain\mod.rs:474:27
    |
474 |                     kind: CompletionKind::Method,
    |                           ^^^^^^^^^^^^^^ use of undeclared type `CompletionKind`
    |
help: consider importing one of these enums
    |
6   + use crate::core::platform_resolver::CompletionKind;
    |
6   + use crate::core::resolution::CompletionKind;
    |

error[E0422]: cannot find struct, variant or union type `CompletionItem` in this scope
   --> src\architecture\domain\mod.rs:482:26
    |
482 |                 out.push(CompletionItem {
    |                          ^^^^^^^^^^^^^^ not found in this scope
    |
help: consider importing one of these structs
    |
6   + use crate::core::platform_resolver::CompletionItem;
    |
6   + use lsp_types::CompletionItem;
    |

error[E0433]: failed to resolve: use of undeclared type `CompletionKind`
   --> src\architecture\domain\mod.rs:486:27
    |
486 |                     kind: CompletionKind::Property,
    |                           ^^^^^^^^^^^^^^ use of undeclared type `CompletionKind`
    |
help: consider importing one of these enums
    |
6   + use crate::core::platform_resolver::CompletionKind;
    |
6   + use crate::core::resolution::CompletionKind;
    |

error[E0412]: cannot find type `PlatformTypeResolver` in this scope
   --> src\architecture\domain\mod.rs:600:26
    |
600 | impl TypeResolverAny for PlatformTypeResolver {
    |                          ^^^^^^^^^^^^^^^^^^^^ not found in this scope
    |
help: consider importing this struct
    |
6   + use crate::core::platform_resolver::PlatformTypeResolver;
    |

error[E0412]: cannot find type `ConfigurationTypeResolver` in this scope
   --> src\architecture\domain\mod.rs:606:26
    |
606 | impl TypeResolverAny for ConfigurationTypeResolver {
    |                          ^^^^^^^^^^^^^^^^^^^^^^^^^ not found in this scope

warning: unused import: `crate::data::loaders::config_parser_guided_discovery::ConfigurationGuidedParser`
  --> src\architecture\domain\mod.rs:14:5
   |
14 | use crate::data::loaders::config_parser_guided_discovery::ConfigurationGuidedParser;
   |     ^^^^^^^^^^^^^^^^^^^^^^^^^^^^^^^^^^^^^^^^^^^^^^^^^^^^^^^^^^^^^^^^^^^^^^^^^^^^^^^
   |
   = note: `#[warn(unused_imports)]` on by default

warning: unused import: `crate::unified::data::stats::RepositoryStats`
  --> src\architecture\domain\mod.rs:15:5
   |
15 | use crate::unified::data::stats::RepositoryStats;
   |     ^^^^^^^^^^^^^^^^^^^^^^^^^^^^^^^^^^^^^^^^^^^^

warning: unused imports: `RawTypeData` and `TypeSource`
  --> src\architecture\domain\mod.rs:16:28
   |
16 | use crate::unified::data::{RawTypeData, TypeRepository, TypeSource};
   |                            ^^^^^^^^^^^                  ^^^^^^^^^^

error[E0599]: no method named `resolve_expression` found for struct `Arc<TypeResolutionService>` in the cur
rent scope
   --> src\architecture\application\mod.rs:159:14
    |
157 |           let resolution = self
    |  __________________________-
158 | |             .resolution_service
159 | |             .resolve_expression(expression, &context)
    | |             -^^^^^^^^^^^^^^^^^^ method not found in `Arc<TypeResolutionService>`
    | |_____________|
    |

error[E0599]: no method named `get_completions` found for struct `Arc<TypeResolutionService>` in the curren
t scope
   --> src\architecture\application\mod.rs:207:14
    |
205 |           let completions = self
    |  ___________________________-
206 | |             .resolution_service
207 | |             .get_completions(prefix, &context)
    | |             -^^^^^^^^^^^^^^^ method not found in `Arc<TypeResolutionService>`
    | |_____________|
    |
    |
    = help: items from traits can only be used if the trait is implemented and in scope
    = note: the following traits define an item `get_completions`, perhaps you need to implement one of the
m:
            candidate #1: `architecture::domain::TypeResolver`
            candidate #2: `resolution::TypeResolver`

error[E0599]: no method named `resolve_expression` found for struct `Arc<TypeResolutionService>` in the cur
rent scope
   --> src\architecture\application\mod.rs:271:14
    |
269 |           let from_type = self
    |  _________________________-
270 | |             .resolution_service
271 | |             .resolve_expression(from_expr, context)
    | |             -^^^^^^^^^^^^^^^^^^ method not found in `Arc<TypeResolutionService>`
    | |_____________|
    |

error[E0599]: no method named `resolve_expression` found for struct `Arc<TypeResolutionService>` in the cur
rent scope
   --> src\architecture\application\mod.rs:275:14
    |
273 |           let to_type = self
    |  _______________________-
274 | |             .resolution_service
275 | |             .resolve_expression(to_expr, context)
    | |             -^^^^^^^^^^^^^^^^^^ method not found in `Arc<TypeResolutionService>`
    | |_____________|
    |

error[E0599]: no method named `search_types` found for struct `Arc<TypeResolutionService>` in the current s
cope
   --> src\architecture\application\mod.rs:456:59
    |
456 |         let type_search_results = self.resolution_service.search_types("").await?;
    |                                                           ^^^^^^^^^^^^ method not found in `Arc<TypeR
esolutionService>`
    |
    = help: items from traits can only be used if the trait is implemented and in scope
    = note: the following traits define an item `search_types`, perhaps you need to implement one of them:
            candidate #1: `DocumentationProvider`
            candidate #2: `type_repository::TypeRepository`

error[E0599]: no method named `search_types` found for struct `Arc<TypeResolutionService>` in the current s
cope
   --> src\architecture\application\mod.rs:488:59
    |
488 |         let type_search_results = self.resolution_service.search_types("").await?;
    |                                                           ^^^^^^^^^^^^ method not found in `Arc<TypeR
esolutionService>`
    |
    = help: items from traits can only be used if the trait is implemented and in scope
    = note: the following traits define an item `search_types`, perhaps you need to implement one of them:
            candidate #1: `DocumentationProvider`
            candidate #2: `type_repository::TypeRepository`

error[E0599]: no method named `get_stats` found for struct `Arc<TypeResolutionService>` in the current scop
e
   --> src\architecture\application\mod.rs:539:45
    |
539 |         let stats = self.resolution_service.get_stats().await;
    |                                             ^^^^^^^^^ method not found in `Arc<TypeResolutionService>
`
    |
    = help: items from traits can only be used if the trait is implemented and in scope
note: `type_repository::TypeRepository` defines an item `get_stats`, perhaps you need to implement it
   --> src\architecture\data\type_repository.rs:10:1
    |
10  | pub trait TypeRepository: Send + Sync {
    | ^^^^^^^^^^^^^^^^^^^^^^^^^^^^^^^^^^^^^

error[E0599]: no method named `search_types` found for struct `Arc<TypeResolutionService>` in the current s
cope
   --> src\architecture\application\mod.rs:593:54
    |
593 |         let search_results = self.resolution_service.search_types(query).await?;
    |                                                      ^^^^^^^^^^^^ method not found in `Arc<TypeResolu
tionService>`
    |
    = help: items from traits can only be used if the trait is implemented and in scope
    = note: the following traits define an item `search_types`, perhaps you need to implement one of them:
            candidate #1: `DocumentationProvider`
            candidate #2: `type_repository::TypeRepository`

error[E0599]: no method named `search_types` found for struct `Arc<TypeResolutionService>` in the current s
cope
   --> src\architecture\application\mod.rs:631:54
    |
631 |         let search_results = self.resolution_service.search_types(type_name).await?;
    |                                                      ^^^^^^^^^^^^ method not found in `Arc<TypeResolu
tionService>`
    |
    = help: items from traits can only be used if the trait is implemented and in scope
    = note: the following traits define an item `search_types`, perhaps you need to implement one of them:
            candidate #1: `DocumentationProvider`
            candidate #2: `type_repository::TypeRepository`

error[E0599]: no method named `initialize` found for struct `Arc<TypeResolutionService>` in the current sco
pe
   --> src\architecture\system\mod.rs:392:49
    |
392 |         if let Err(e) = self.resolution_service.initialize().await {
    |                                                 ^^^^^^^^^^ method not found in `Arc<TypeResolutionSer
vice>`
    |
    = help: items from traits can only be used if the trait is implemented and in scope
    = note: the following traits define an item `initialize`, perhaps you need to implement one of them:
            candidate #1: `DocumentationProvider`
            candidate #2: `LanguageServer`
            candidate #3: `lazy_static::LazyStatic`

error[E0599]: no method named `resolve_expression` found for struct `Arc<TypeResolutionService>` in the cur
rent scope
   --> src\architecture\system\mod.rs:687:14
    |
685 |           let _resolution = self
    |  ___________________________-
686 | |             .resolution_service
687 | |             .resolve_expression("╨Ь╨░╤Б╤Б╨╕╨▓", &test_context)
    | |             -^^^^^^^^^^^^^^^^^^ method not found in `Arc<TypeResolutionService>`
    | |_____________|
    |

error[E0599]: no function or associated item named `new` found for struct `TypeResolutionService` in the cu
rrent scope
   --> src\architecture\system\mod.rs:168:66
    |
168 |         let resolution_service = Arc::new(TypeResolutionService::new(repository.clone()));
    |                                                                  ^^^ function or associated item not 
found in `TypeResolutionService`
    |
   ::: src\architecture\domain\mod.rs:23:1
    |
23  | pub struct TypeResolutionService {
    | -------------------------------- function or associated item `new` not found for this struct
    |
    = help: items from traits can only be used if the trait is implemented and in scope
    = note: the following traits define an item `new`, perhaps you need to implement one of them:
            candidate #1: `Bit`
            candidate #2: `Digest`
            candidate #3: `KeyInit`
            candidate #4: `KeyIvInit`
            candidate #5: `Mac`
            candidate #6: `VariableOutput`
            candidate #7: `VariableOutputCore`
            candidate #8: `ahash::HashMapExt`
            candidate #9: `ahash::HashSetExt`
            candidate #10: `etcetera::AppStrategy`
            candidate #11: `etcetera::BaseStrategy`
            candidate #12: `notify::Watcher`
            candidate #13: `parking_lot_core::thread_parker::ThreadParkerT`
            candidate #14: `rand::distributions::uniform::UniformSampler`
            candidate #15: `tendril::tendril::Atomicity`

Some errors have detailed explanations: E0412, E0422, E0432, E0433, E0599.
For more information about an error, try `rustc --explain E0412`.
warning: `bsl-gradual-types` (lib) generated 3 warnings
warning: bsl-gradual-types@0.4.2: ЁЯФН ╨Э╨Р╨Щ╨Ф╨Х╨Э╨Р ╤А╨╡╨░╨╗╤М╨╜╨░╤П tree-sitter-bsl: ../tree-sitter-bsl
warning: bsl-gradual-types@0.4.2: тЬЕ ╨а╨Х╨Р╨Ы╨м╨Э╨Р╨п tree-sitter-bsl ╤Б╨║╨╛╨╝╨┐╨╕╨╗╨╕╤А╨╛╨▓╨░╨╜╨░ ╨║╨░╨║ 
tree_sitter_bsl
error: could not compile `bsl-gradual-types` (lib) due to 27 previous errors; 3 warnings emitted
